// Jest Snapshot v1, https://goo.gl/fbAQLP

exports[`matches the snapshot 1`] = `
<DocumentFragment>
  <div
    class="MovieListCard"
  >
    <a
      href="/movies/7"
    >
      <div
        class="card"
      >
        <div
          class="card-horizontal"
        >
          <div
            class="img-square-wrapper"
          >
            <img
              alt="test movie poster"
              class=""
              src="https://www.joblo.com/assets/images/joblo/database-specific-img-225x333.jpg"
            />
          </div>
          <div
            class="card-body"
          >
            <div
              class="card-title h5"
            >
              test movie
            </div>
            <p
              class="card-text"
            >
              description here
            </p>
            <p
              class="card-text"
            >
              Release date: Jan 1, 2021
            </p>
          </div>
        </div>
      </div>
    </a>
  </div>
</DocumentFragment>
`;
