// Jest Snapshot v1, https://goo.gl/fbAQLP

exports[`matches the snapshot 1`] = `
<DocumentFragment>
  <div
    class="photoAttribution"
  >
    <p>
      Background Photo by Jeremy Yap on Unsplash
    </p>
    <div
      class="api-attr"
    >
      <img
        alt="The Movie Database Logo"
        class="TMDBlogo"
        src="https://www.themoviedb.org/assets/2/v4/logos/v2/blue_square_2-d537fb228cf3ded904ef09b136fe3fec72548ebc1fea3fbbd1ad9e36364db38b.svg"
      />
      This app uses the TMDb API but is not endorsed or certified by TMDb.
    </div>
  </div>
</DocumentFragment>
`;
